// Jest Snapshot v1, https://goo.gl/fbAQLP

exports[`Footer Component matches snapshot with mocked year 1`] = `
<footer
  class="container"
>
  <div
    class="content"
  >
    <img
      alt="logo"
      class="logo"
      height="35"
      loading="lazy"
      src="[object Object]"
      width="173"
    />
    <div
      class="box"
    >
      <div
        class="box_links"
      >
        <p
          class="box_links_item"
        >
          Product
        </p>
        <p
          class="box_links_item"
        >
          Pricing
        </p>
        <p
          class="box_links_item"
        >
          Overview
        </p>
        <p
          class="box_links_item"
        >
          Browse
        </p>
        <p
          class="box_links_item"
        >
          Accessibility 
          <span>
            BETA
          </span>
        </p>
      </div>
      <div
        class="box_links"
      >
        <p
          class="box_links_item"
        >
          Solutions
        </p>
        <p
          class="box_links_item"
        >
          Brainstorming
        </p>
        <p
          class="box_links_item"
        >
          Ideation
        </p>
        <p
          class="box_links_item"
        >
          Wireframing
        </p>
        <p
          class="box_links_item"
        >
          Research
        </p>
      </div>
      <div
        class="box_links"
      >
        <p
          class="box_links_item"
        >
          Resources
        </p>
        <p
          class="box_links_item"
        >
          Help Center
        </p>
        <p
          class="box_links_item"
        >
          Blog
        </p>
        <p
          class="box_links_item"
        >
          Tutorials
        </p>
        <p
          class="box_links_item"
        >
          FAQs
        </p>
      </div>
      <div
        class="box_links"
      >
        <p
          class="box_links_item"
        >
          Support
        </p>
        <p
          class="box_links_item"
        >
          Contact Us
        </p>
        <p
          class="box_links_item"
        >
          Developers
        </p>
        <p
          class="box_links_item"
        >
          Documentation
        </p>
        <p
          class="box_links_item"
        >
          Integrations
        </p>
      </div>
      <div
        class="box_links"
      >
        <p
          class="box_links_item"
        >
          Company
        </p>
        <p
          class="box_links_item"
        >
          About
        </p>
        <p
          class="box_links_item"
        >
          Press
        </p>
        <p
          class="box_links_item"
        >
          Events
        </p>
        <p
          class="box_links_item"
        >
          Request Demo 
          <img
            alt="arrow"
            height="24"
            loading="lazy"
            src="[object Object]"
            width="24"
          />
        </p>
      </div>
    </div>
  </div>
  <div
    class="copyright"
  >
    <p
      class="copyright_text"
    >
      uteach Â© 
      2023
      . All rights reserved.
    </p>
    <div
      class="links_acess"
    >
      <p
        class="links_acess_item"
      >
        Terms
      </p>
      <p
        class="links_acess_item"
      >
        Privacy
      </p>
      <p
        class="links_acess_item"
      >
        Contact
      </p>
      <p
        class="links_acess_item"
      >
        <img
          alt="world"
          height="24"
          loading="lazy"
          src="[object Object]"
          width="24"
        />
        EN
      </p>
      <p
        class="links_acess_item"
      >
        <img
          alt="euro"
          height="24"
          loading="lazy"
          src="[object Object]"
          width="24"
        />
        EUR
      </p>
      <p
        class="links_acess_item"
      >
        <img
          alt="accessibility"
          height="24"
          loading="lazy"
          src="[object Object]"
          width="24"
        />
      </p>
    </div>
  </div>
</footer>
`;
